// Jest Snapshot v1, https://goo.gl/fbAQLP

exports[`Counter component tests Should match snapshot 1`] = `
<h2>Counter app made in section 4</h2>
<section>
  <p>Click the "+1" button to add clicks</p>
  <p><span>0</span> clicks</p>
  <div><button data-test-id="addOne">+1</button><button data-test-id="restart">Restart</button></div>
</section>
`;
